// Vitest Snapshot v1, https://vitest.dev/guide/snapshot.html

exports[`Template 1`] = `
{
  "children": {
    "elements": [
      {
        "children": {},
        "name": "elements",
      },
    ],
  },
  "name": "template",
}
`;

exports[`Template 2`] = `
{
  "children": {
    "elements": [
      {
        "children": {
          "element": [
            {
              "children": {
                "text": [
                  {
                    "children": {
                      "Text": [
                        {
                          "endColumn": 11,
                          "endLine": 1,
                          "endOffset": 10,
                          "image": "Hello world",
                          "startColumn": 1,
                          "startLine": 1,
                          "startOffset": 0,
                          "tokenType": {
                            "CATEGORIES": [],
                            "LINE_BREAKS": true,
                            "PATTERN": [Function],
                            "categoryMatches": [],
                            "categoryMatchesMap": {},
                            "isParent": false,
                            "name": "Text",
                            "tokenTypeIdx": 4,
                          },
                          "tokenTypeIdx": 4,
                        },
                      ],
                    },
                    "name": "text",
                  },
                ],
              },
              "name": "element",
            },
          ],
        },
        "name": "elements",
      },
    ],
  },
  "name": "template",
}
`;
